2025-02-01 07:23:00 | DEBUG | repo=pv243-a4m36jee-2016-cdi-seminar | action=test | passed=true
2025-11-13 17:17:00 | INFO | repo=pv243-a4m36jee-2016-cdi-seminar | action=edit | files=3
2025-07-18 09:54:00 | DEBUG | repo=pv243-a4m36jee-2016-cdi-seminar | action=commit
2025-12-25 10:14:00 | INFO | repo=pv243-a4m36jee-2016-cdi-seminar | action=commit
2025-12-15 14:40:00 | WARN | repo=pv243-a4m36jee-2016-cdi-seminar | action=commit
2025-11-15 18:16:00 | INFO | repo=pv243-a4m36jee-2016-cdi-seminar | action=commit
2025-08-06 19:28:00 | WARN | repo=pv243-a4m36jee-2016-cdi-seminar | action=commit
2025-05-16 11:45:00 | WARN | repo=pv243-a4m36jee-2016-cdi-seminar | action=commit
2025-09-25 21:41:00 | DEBUG | repo=pv243-a4m36jee-2016-cdi-seminar | action=commit
2025-09-28 12:27:00 | DEBUG | repo=pv243-a4m36jee-2016-cdi-seminar | action=commit
2025-12-27 16:01:00 | WARN | repo=pv243-a4m36jee-2016-cdi-seminar | action=commit
2025-09-02 11:46:00 | WARN | repo=pv243-a4m36jee-2016-cdi-seminar | action=edit | files=3
2025-06-03 20:04:00 | INFO | repo=pv243-a4m36jee-2016-cdi-seminar | action=commit
2025-07-17 08:32:00 | INFO | repo=pv243-a4m36jee-2016-cdi-seminar | action=commit
2025-10-16 14:42:00 | INFO | repo=pv243-a4m36jee-2016-cdi-seminar | action=commit
2025-03-27 07:09:00 | INFO | repo=pv243-a4m36jee-2016-cdi-seminar | action=commit
2025-06-11 07:54:00 | DEBUG | repo=pv243-a4m36jee-2016-cdi-seminar | action=commit
2025-05-06 17:59:00 | WARN | repo=pv243-a4m36jee-2016-cdi-seminar | action=commit
2025-07-22 20:11:00 | WARN | repo=pv243-a4m36jee-2016-cdi-seminar | action=commit
2025-07-27 21:29:00 | INFO | repo=pv243-a4m36jee-2016-cdi-seminar | action=commit
2025-07-13 19:01:00 | INFO | repo=pv243-a4m36jee-2016-cdi-seminar | action=pull
2025-11-15 09:30:00 | WARN | repo=pv243-a4m36jee-2016-cdi-seminar | action=pull
2025-10-03 14:23:00 | DEBUG | repo=pv243-a4m36jee-2016-cdi-seminar | action=commit
2025-11-02 08:03:00 | INFO | repo=pv243-a4m36jee-2016-cdi-seminar | action=commit
